
> green-sourcing-b2b-app@0.1.0 build
> next build

  Γû▓ Next.js 14.2.35
  - Environments: .env.local, .env
  - Experiments (use with caution):
    ┬╖ instrumentationHook

   Creating an optimized production build ...
[@sentry/nextjs] DEPRECATION WARNING: It is recommended renaming your `sentry.client.config.ts` file, or moving its content to `instrumentation-client.ts`. When using Turbopack `sentry.client.config.ts` will no longer work. Read more about the `instrumentation-client.ts` file: https://nextjs.org/docs/app/api-reference/file-conventions/instrumentation-client
Failed to compile.

./app/architect/dashboard/page.tsx:7:1
Module not found: Can't resolve '@/components/BuyCleanActCountdown'
   5 | import { useRouter, useSearchParams } from 'next/navigation'
   6 | import Link from 'next/link'
>  7 | import BuyCleanActCountdown from '@/components/BuyCleanActCountdown'
     | ^
   8 | import { FaSearch, FaMapMarkerAlt, FaLeaf, FaBalanceScale, FaPaperPlane, FaCheckSquare, FaSquare, FaTimes } from 'react-icons/fa'
   9 |
  10 | // Types

https://nextjs.org/docs/messages/module-not-found


> Build failed because of webpack errors
